IDENTIFIER def null
IDENTIFIER greet null
LPAREN ( null
RPAREN ) null
COLON : null
NEWLINE 
 null
INDENT      null
IDENTIFIER print null
LPAREN ( null
STRING "Hello World!" Hello World!
RPAREN ) null
NEWLINE 
 null
IDENTIFIER if null
IDENTIFIER True null
COLON : null
NEWLINE 
 null
INDENT          null
IDENTIFIER print null
LPAREN ( null
STRING "Nested block" Nested block
RPAREN ) null
NEWLINE 
 null
IDENTIFIER if null
IDENTIFIER False null
COLON : null
NEWLINE 
 null
INDENT              null
IDENTIFIER print null
LPAREN ( null
STRING "Deeply nested block" Deeply nested block
RPAREN ) null
DEDENT ) null
DEDENT ) null
DEDENT ) null
EOF  null