IDENTIFIER def null
IDENTIFIER greet null
LPAREN ( null
RPAREN ) null
COLON : null
INDENT      null
IDENTIFIER print null
LPAREN ( null
STRING "Hello World!" Hello World!
RPAREN ) null
IDENTIFIER if null
DEDENT   null
IDENTIFIER True null
COLON : null
INDENT          null
IDENTIFIER print null
LPAREN ( null
STRING "Nested block" Nested block
RPAREN ) null
DEDENT ) null
EOF  null