IDENTIFIER def null
IDENTIFIER greet null
LPAREN ( null
RPAREN ) null
COLON : null
NEWLINE 
 null
INDENT      null
IDENTIFIER if null
IDENTIFIER True null
COLON : null
NEWLINE 
 null
INDENT          null
IDENTIFIER print null
LPAREN ( null
STRING "Inside if" Inside if
RPAREN ) null
NEWLINE 
 null
DEDENT      null
IDENTIFIER else null
COLON : null
NEWLINE 
 null
INDENT          null
IDENTIFIER print null
LPAREN ( null
STRING "Inside else" Inside else
RPAREN ) null
NEWLINE 
 null
DEDENT      null
IDENTIFIER print null
LPAREN ( null
STRING "Outside if-else" Outside if-else
RPAREN ) null
DEDENT ) null
EOF  null